Running suite scommand
test_scommand.c:21:P:Precondition:test_destroy_null:0: Passed
test_scommand.c:28:P:Precondition:test_push_back_null:0: Passed
test_scommand.c:34:P:Precondition:test_push_back_argument_null:0: Passed
test_scommand.c:42:P:Precondition:test_pop_front_null:0: Passed
test_scommand.c:48:P:Precondition:test_pop_front_empty:0: Passed
test_scommand.c:56:P:Precondition:test_set_redir_in_null:0: Passed
test_scommand.c:62:P:Precondition:test_set_redir_out_null:0: Passed
test_scommand.c:68:P:Precondition:test_is_empty_null:0: Passed
test_scommand.c:74:P:Precondition:test_length_null:0: Passed
test_scommand.c:80:P:Precondition:test_front_null:0: Passed
test_scommand.c:86:P:Precondition:test_front_empty:0: Passed
test_scommand.c:94:P:Precondition:test_get_redir_in_null:0: Passed
test_scommand.c:100:P:Precondition:test_get_redir_out_null:0: Passed
test_scommand.c:106:P:Precondition:test_to_string_null:0: Passed
test_scommand.c:114:P:Creation:test_new_destroy:0: Passed
test_scommand.c:127:P:Creation:test_new_is_empty:0: Passed
test_scommand.c:157:P:Functionality:test_adding_emptying:0: Passed
test_scommand.c:173:P:Functionality:test_adding_emptying_length:0: Passed
test_scommand.c:193:P:Functionality:test_fifo:0: Passed
test_scommand.c:207:P:Functionality:test_front_idempotent:0: Passed
test_scommand.c:216:P:Functionality:test_front_is_back:0: Passed
test_scommand.c:225:P:Functionality:test_front_is_not_back:0: Passed
test_scommand.c:239:P:Functionality:test_redir:0: Passed
test_scommand.c:268:P:Functionality:test_independent_redirs:0: Passed
test_scommand.c:278:P:Functionality:test_to_string_empty:0: Passed
test_scommand.c:324:P:Functionality:test_to_string:0: Passed
Running suite pipeline
test_pipeline.c:16:P:Precondition:test_destroy_null:0: Passed
test_pipeline.c:23:P:Precondition:test_push_back_null:0: Passed
test_pipeline.c:31:P:Precondition:test_push_back_scmd_null:0: Passed
test_pipeline.c:39:P:Precondition:test_pop_front_null:0: Passed
test_pipeline.c:45:P:Precondition:test_pop_front_empty:0: Passed
test_pipeline.c:53:P:Precondition:test_set_wait_null:0: Passed
test_pipeline.c:59:P:Precondition:test_is_empty_null:0: Passed
test_pipeline.c:65:P:Precondition:test_length_null:0: Passed
test_pipeline.c:71:P:Precondition:test_front_null:0: Passed
test_pipeline.c:77:P:Precondition:test_front_empty:0: Passed
test_pipeline.c:85:P:Precondition:test_get_wait_null:0: Passed
test_pipeline.c:91:P:Precondition:test_to_string_null:0: Passed
test_pipeline.c:99:P:Creation:test_new_destroy:0: Passed
test_pipeline.c:133:P:Functionality:test_adding_emptying:0: Passed
test_pipeline.c:150:P:Functionality:test_adding_emptying_length:0: Passed
test_pipeline.c:169:P:Functionality:test_fifo:0: Passed
test_pipeline.c:182:P:Functionality:test_front_idempotent:0: Passed
test_pipeline.c:192:P:Functionality:test_front_is_back:0: Passed
test_pipeline.c:203:P:Functionality:test_front_is_not_back:0: Passed
test_pipeline.c:212:P:Functionality:test_wait:0: Passed
test_pipeline.c:221:P:Functionality:test_to_string_empty:0: Passed
test_pipeline.c:252:P:Functionality:test_to_string:0: Passed
Running suite execute
test_execute.c:11:P:Precondition:test_pipeline_null:0: Passed
test_execute.c:41:P:Functionality:test_null:0: Passed
test_execute.c:67:P:Functionality:test_builtin_exit:0: Passed
test_execute.c:89:P:Functionality:test_builtin_chdir:0: Passed
test_execute.c:126:P:Functionality:test_external_1_simple_parent:0: Passed
test_execute.c:148:F:Functionality:test_external_1_simple_child:0: Assertion 'mock_counter_open==0' failed
test_execute.c:191:F:Functionality:test_external_1_simple_background:0: Assertion 'mock_counter_wait+mock_counter_waitpid == 0' failed
test_execute.c:225:F:Functionality:test_external_arguments:0: Assertion 'mock_execvp_last_argv[0]!=NULL && strcmp (mock_execvp_last_argv[0],"command")==0' failed
test_execute.c:267:F:Functionality:test_pipe2_parent:0: Assertion 'mock_counter_pipe==1' failed
test_execute.c:315:F:Functionality:test_pipe2_child1:0: Assertion 'mock_counter_pipe==1' failed
test_execute.c:366:F:Functionality:test_pipe2_child2:0: Assertion 'mock_counter_pipe==1' failed
test_execute.c:426:P:Functionality:test_redir_inout_parent:0: Passed
test_execute.c:451:F:Functionality:test_redir_out_child:0: Assertion 'mock_counter_open==1' failed
test_execute.c:487:F:Functionality:test_redir_in_child:0: Assertion 'mock_counter_open==1' failed
test_execute.c:532:F:Functionality:test_redir_inout_child:0: Assertion 'mock_check_writable (0, false)' failed
Results for all suites run:
85%: Checks: 63, Failures: 9, Errors: 0
